// Jest Snapshot v1, https://goo.gl/fbAQLP

exports[`Confetti is initialised with default settings 1`] = `
Confetti {
  "H": 0,
  "W": 0,
  "animationId": null,
  "canvas": null,
  "canvasEl": null,
  "framesSinceDrop": 0,
  "killed": false,
  "particleManager": null,
  "particlesPerFrame": 0,
  "wind": 0,
  "windChange": 0.01,
  "windPosCoef": 0.002,
  "windSpeed": 1,
  "windSpeedMax": 1,
}
`;
